
> notification-system-test@1.0.0 test
> node test-notifications.js

🚀 Starting notification system tests...

Test 1: Sending notifications through different channels...
Email notification sent: 62e9f3b2-75f0-4589-9118-c313a3926b53
SMS notification sent: 3cd73167-be54-419f-ba75-08d9e6a06107
In-app notification sent: f1a27284-f69b-416e-a85a-4c773b054612

Waiting for notifications to be processed...

Test 2: Checking notification statuses...
Email notification status: sent
SMS notification status: sent
In-app notification status: sent

Test 3: Listing notifications for John...
John's notifications: [
  {
    id: '62e9f3b2-75f0-4589-9118-c313a3926b53',
    channel: 'email',
    subject: 'Test Email Notification',
    content: 'This is a test email notification.',
    status: 'sent',
    priority: 'high',
    created_at: '2025-06-02T05:53:49.42089+00:00',
    processed_at: '2025-06-02T05:53:49.42089+00:00'
  },
  {
    id: '6b09572d-fb8c-4ec9-90b6-caf8b4fa25ef',
    channel: 'email',
    subject: 'Test Email Notification',
    content: 'This is a test email notification.',
    status: 'sent',
    priority: 'high',
    created_at: '2025-06-02T05:29:10.801114+00:00',
    processed_at: '2025-06-02T05:29:10.801114+00:00'
  },
  {
    id: 'e99e45df-12cd-44e7-822a-b530ebc0f65a',
    channel: 'email',
    subject: 'Welcome to the platform!',
    content: "Hi John, welcome to our platform. We're excited to have you here!",
    status: 'sent',
    priority: 'normal',
    created_at: '2025-06-02T05:11:21.184939+00:00',
    processed_at: '2025-06-02T05:11:21.184939+00:00'
  }
]

✅ Tests completed!
